KleioTranslator - server version 12.9 - build 588 2025-06-06 16:04:22
12-9-2025 8-48

Processing data file dehergne-a.cli
-------------------------------------------
Generic Act translation module with geoentities (XML).
     Joaquim Ramos de Carvalho (joaquim@uc.pt) 
** New document: kleio
=========================
kleio translation started
=========================
Structure: gacto2.str
Prefix: 
Autorel: 
Translation count: 252
Obs: 
** Processing source fonte$dehergne-a
25: lista$dehergne-notices-a
*** End of File

Line 628 "SAME AS" TO EXTERNAL REFERENCE EXPORTED (deh-belchior-miguel-carneiro-leitao) CHECK IF IT EXISTS BEFORE IMPORTING THIS FILE.
Line 832 "SAME AS" TO EXTERNAL REFERENCE EXPORTED (deh-andre-palmeiro) CHECK IF IT EXISTS BEFORE IMPORTING THIS FILE.
Line 837 "SAME AS" TO EXTERNAL REFERENCE EXPORTED (deh-antonio-francisco-cardim) CHECK IF IT EXISTS BEFORE IMPORTING THIS FILE.
Line 996 "SAME AS" TO EXTERNAL REFERENCE EXPORTED (deh-jean-regis-lieou) CHECK IF IT EXISTS BEFORE IMPORTING THIS FILE.
Line 1058 "SAME AS" TO EXTERNAL REFERENCE EXPORTED (deh-alessandro-cicero) CHECK IF IT EXISTS BEFORE IMPORTING THIS FILE.

Structure file: /kleio-home/structures/sources.str
Structure processing report: /kleio-home/structures/sources.srpt
Structure in JSON: /kleio-home/structures/sources.str.json

Kleio file: /kleio-home/sources/dehergne-a.cli
Original file: /kleio-home/sources/dehergne-a.org
Previous version: /kleio-home/sources/dehergne-a.old
Temp file with ids: /kleio-home/sources/dehergne-a.ids
** - /kleio-home/sources/dehergne-a.cli-renamed to- /kleio-home/sources/dehergne-a.old
0  errors. 
0  warnings.
Groups in this file:[irmao,pmae,mae,pai,rel,atr,referido,ls,n,lista,fonte,link,kleio]
Translation finished.
