KleioTranslator - server version 12.9 - build 588 2025-06-06 16:04:22
20-7-2025 11-39

Processing data file dehergne-c.cli
-------------------------------------------
Generic Act translation module with geoentities (XML).
     Joaquim Ramos de Carvalho (joaquim@uc.pt) 
** New document: kleio
=========================
kleio translation started
=========================
Structure: gacto2.str
Prefix: 
Autorel: 
Translation count: 278
Obs: 
** Processing source fonte$dehergne-c
11: lista$dehergne-notices-c
*** End of File

Line 1714 "SAME AS" TO EXTERNAL REFERENCE EXPORTED (deh-francisco-cabral) CHECK IF IT EXISTS BEFORE IMPORTING THIS FILE.

Structure file: /kleio-home/structures/sources.str
Structure processing report: /kleio-home/structures/sources.srpt
Structure in JSON: /kleio-home/structures/sources.str.json

Kleio file: /kleio-home/sources/dehergne-c.cli
Original file: /kleio-home/sources/dehergne-c.org
Previous version: /kleio-home/sources/dehergne-c.old
Temp file with ids: /kleio-home/sources/dehergne-c.ids
** - /kleio-home/sources/dehergne-c.cli-renamed to- /kleio-home/sources/dehergne-c.old
0  errors. 
0  warnings.
Groups in this file:[atr,mae,pai,referido,rel,ls,n,lista,fonte,link,kleio]
Translation finished.
