KleioTranslator - server version 12.9 - build 588 2025-06-06 16:04:22
8-9-2025 4-4

Processing data file dehergne-k.cli
-------------------------------------------
Generic Act translation module with geoentities (XML).
     Joaquim Ramos de Carvalho (joaquim@uc.pt) 
** New document: kleio
=========================
kleio translation started
=========================
Structure: gacto2.str
Prefix: 
Autorel: 
Translation count: 94
Obs: 
** Processing source fonte$dehergne-k
7: lista$dehergne-notices-k
*** End of File

Line 260 "SAME AS" TO EXTERNAL REFERENCE EXPORTED (deh-pierre-tchen) CHECK IF IT EXISTS BEFORE IMPORTING THIS FILE.
Line 294 "SAME AS" TO EXTERNAL REFERENCE EXPORTED (deh-ferdinand-verbiest) CHECK IF IT EXISTS BEFORE IMPORTING THIS FILE.

Structure file: /kleio-home/sources/dehergne-repertoire/structures/sources.str
Structure processing report: /kleio-home/sources/dehergne-repertoire/structures/sources.srpt
Structure in JSON: /kleio-home/sources/dehergne-repertoire/structures/sources.str.json

Kleio file: /kleio-home/sources/dehergne-repertoire/sources/dehergne-k.cli
Original file: /kleio-home/sources/dehergne-repertoire/sources/dehergne-k.org
Previous version: /kleio-home/sources/dehergne-repertoire/sources/dehergne-k.old
Temp file with ids: /kleio-home/sources/dehergne-repertoire/sources/dehergne-k.ids
** - /kleio-home/sources/dehergne-repertoire/sources/dehergne-k.cli-renamed to- /kleio-home/sources/dehergne-repertoire/sources/dehergne-k.old
0  errors. 
0  warnings.
Groups in this file:[mae,pai,referido,rel,ls,n,lista,fonte,link,kleio]
Translation finished.
