KleioTranslator - server version 12.9 - build 588 2025-06-06 16:04:22
8-9-2025 7-4

Processing data file dehergne-m.cli
-------------------------------------------
Generic Act translation module with geoentities (XML).
     Joaquim Ramos de Carvalho (joaquim@uc.pt) 
** New document: kleio
=========================
kleio translation started
=========================
Structure: gacto2.str
Prefix: 
Autorel: 
Translation count: 240
Obs: 
** Processing source fonte$dehergne-m
21: lista$dehergne-notices-m
*** End of File

Line 885 "SAME AS" TO EXTERNAL REFERENCE EXPORTED (deh-belchior-miguel-carneiro-leitao) CHECK IF IT EXISTS BEFORE IMPORTING THIS FILE.
Line 1858 "SAME AS" TO EXTERNAL REFERENCE EXPORTED (deh-ferdinand-verbiest) CHECK IF IT EXISTS BEFORE IMPORTING THIS FILE.

Structure file: /kleio-home/sources/dehergne-repertoire/structures/sources.str
Structure processing report: /kleio-home/sources/dehergne-repertoire/structures/sources.srpt
Structure in JSON: /kleio-home/sources/dehergne-repertoire/structures/sources.str.json

Kleio file: /kleio-home/sources/dehergne-repertoire/sources/dehergne-m.cli
Original file: /kleio-home/sources/dehergne-repertoire/sources/dehergne-m.org
Previous version: /kleio-home/sources/dehergne-repertoire/sources/dehergne-m.old
Temp file with ids: /kleio-home/sources/dehergne-repertoire/sources/dehergne-m.ids
** - /kleio-home/sources/dehergne-repertoire/sources/dehergne-m.cli-renamed to- /kleio-home/sources/dehergne-repertoire/sources/dehergne-m.old
0  errors. 
0  warnings.
Groups in this file:[atr,irmao,mae,pai,referido,rel,ls,n,lista,fonte,link,kleio]
Translation finished.
