KleioTranslator - server version 12.9 - build 588 2025-06-06 16:04:22
8-9-2025 3-29

Processing data file dehergne-d.cli
-------------------------------------------
Generic Act translation module with geoentities (XML).
     Joaquim Ramos de Carvalho (joaquim@uc.pt) 
** New document: kleio
=========================
kleio translation started
=========================
Structure: gacto2.str
Prefix: 
Autorel: 
Translation count: 133
Obs: 
** Processing source fonte$dehergne-d
7: lista$dehergne-notices-d
*** End of File

Line 391 "SAME AS" TO EXTERNAL REFERENCE EXPORTED (deh-philippe-avril) CHECK IF IT EXISTS BEFORE IMPORTING THIS FILE.
Line 398 "SAME AS" TO EXTERNAL REFERENCE EXPORTED (deh-louis-barnabe) CHECK IF IT EXISTS BEFORE IMPORTING THIS FILE.
Line 430 "SAME AS" TO EXTERNAL REFERENCE EXPORTED (deh-matteo-ricci) CHECK IF IT EXISTS BEFORE IMPORTING THIS FILE.
Line 459 "SAME AS" TO EXTERNAL REFERENCE EXPORTED (deh-belchior-nunes-barreto) CHECK IF IT EXISTS BEFORE IMPORTING THIS FILE.

Structure file: /kleio-home/sources/dehergne-repertoire/structures/sources.str
Structure processing report: /kleio-home/sources/dehergne-repertoire/structures/sources.srpt
Structure in JSON: /kleio-home/sources/dehergne-repertoire/structures/sources.str.json

Kleio file: /kleio-home/sources/dehergne-repertoire/sources/dehergne-d.cli
Original file: /kleio-home/sources/dehergne-repertoire/sources/dehergne-d.org
Previous version: /kleio-home/sources/dehergne-repertoire/sources/dehergne-d.old
Temp file with ids: /kleio-home/sources/dehergne-repertoire/sources/dehergne-d.ids
** - /kleio-home/sources/dehergne-repertoire/sources/dehergne-d.cli-renamed to- /kleio-home/sources/dehergne-repertoire/sources/dehergne-d.old
0  errors. 
0  warnings.
Groups in this file:[pmae,atr,mae,pai,rel,referido,ls,n,lista,fonte,link,kleio]
Translation finished.
