KleioTranslator - server version 12.9 - build 588 2025-06-06 16:04:22
4-12-2025 8-48

Processing data file dehergne-s.cli
-------------------------------------------
Generic Act translation module with geoentities (XML).
     Joaquim Ramos de Carvalho (joaquim@uc.pt) 
** New document: kleio
=========================
kleio translation started
=========================
Structure: gacto2.str
Prefix: 
Autorel: 
Translation count: 192
Obs: 
** Processing source fonte$dehergne-s
16: lista$dehergne-notices-s
*** End of File

Line 109 "SAME AS" TO EXTERNAL REFERENCE EXPORTED (deh-francesco-maria-spinola) CHECK IF IT EXISTS BEFORE IMPORTING THIS FILE.
Line 1121 "SAME AS" TO EXTERNAL REFERENCE EXPORTED (deh-alessandro-cicero) CHECK IF IT EXISTS BEFORE IMPORTING THIS FILE.

Structure file: /kleio-home/structures/sources.str
Structure processing report: /kleio-home/structures/sources.srpt
Structure in JSON: /kleio-home/structures/sources.str.json

Kleio file: /kleio-home/sources/dehergne-s.cli
Original file: /kleio-home/sources/dehergne-s.org
Previous version: /kleio-home/sources/dehergne-s.old
Temp file with ids: /kleio-home/sources/dehergne-s.ids
** - /kleio-home/sources/dehergne-s.cli-renamed to- /kleio-home/sources/dehergne-s.old
0  errors. 
0  warnings.
Groups in this file:[pmae,mmae,referido,rel,mae,pai,ls,n,lista,fonte,link,kleio]
Translation finished.
