KleioTranslator - server version 12.9 - build 588 2025-06-06 16:04:22
8-9-2025 3-30

Processing data file dehergne-f.cli
-------------------------------------------
Generic Act translation module with geoentities (XML).
     Joaquim Ramos de Carvalho (joaquim@uc.pt) 
** New document: kleio
=========================
kleio translation started
=========================
Structure: gacto2.str
Prefix: 
Autorel: 
Translation count: 201
Obs: 
** Processing source fonte$dehergne-f
20: lista$dehergne-notices-f
*** End of File

Line 184 "SAME AS" TO EXTERNAL REFERENCE EXPORTED (deh-antonio-francesco-giuseppe-provana) CHECK IF IT EXISTS BEFORE IMPORTING THIS FILE.
Line 366 "SAME AS" TO EXTERNAL REFERENCE EXPORTED (deh-matteo-ricci) CHECK IF IT EXISTS BEFORE IMPORTING THIS FILE.
Line 512 "SAME AS" TO EXTERNAL REFERENCE EXPORTED (deh-matteo-ricci) CHECK IF IT EXISTS BEFORE IMPORTING THIS FILE.
Line 1364 "SAME AS" TO EXTERNAL REFERENCE EXPORTED (deh-charles-de-belleville) CHECK IF IT EXISTS BEFORE IMPORTING THIS FILE.
Line 1458 "SAME AS" TO EXTERNAL REFERENCE EXPORTED (deh-joachim-bouvet) CHECK IF IT EXISTS BEFORE IMPORTING THIS FILE.
Line 1749 "SAME AS" TO EXTERNAL REFERENCE EXPORTED (deh-nicolas-dufour) CHECK IF IT EXISTS BEFORE IMPORTING THIS FILE.

Structure file: /kleio-home/sources/dehergne-repertoire/structures/sources.str
Structure processing report: /kleio-home/sources/dehergne-repertoire/structures/sources.srpt
Structure in JSON: /kleio-home/sources/dehergne-repertoire/structures/sources.str.json

Kleio file: /kleio-home/sources/dehergne-repertoire/sources/dehergne-f.cli
Original file: /kleio-home/sources/dehergne-repertoire/sources/dehergne-f.org
Previous version: /kleio-home/sources/dehergne-repertoire/sources/dehergne-f.old
Temp file with ids: /kleio-home/sources/dehergne-repertoire/sources/dehergne-f.ids
** - /kleio-home/sources/dehergne-repertoire/sources/dehergne-f.cli-renamed to- /kleio-home/sources/dehergne-repertoire/sources/dehergne-f.old
0  errors. 
0  warnings.
Groups in this file:[atr,irmao,mae,pai,referido,rel,ls,n,lista,fonte,link,kleio]
Translation finished.
