KleioTranslator - server version 12.9 - build 588 2025-06-06 16:04:22
25-12-2025 15-55

Processing data file dehergne-b.cli
-------------------------------------------
Generic Act translation module with geoentities (XML).
     Joaquim Ramos de Carvalho (joaquim@uc.pt) 
** New document: kleio
=========================
kleio translation started
=========================
Structure: gacto2.str
Prefix: 
Autorel: 
Translation count: 233
Obs: 
** Processing source fonte$dehergne-b
7: lista$dehergne-notices-b

ERROR: dehergne-b.cli line 357 ** referido unknown element: xsame_as.
Near lines: 357 
Near lines: 358             referido$Matteo Ricci/id=deh-joao-barradas-ref1/xsame_as=deh-matteo-ricci

*** End of File

Line 359 "SAME AS" TO EXTERNAL REFERENCE EXPORTED (deh-matteo-ricci) CHECK IF IT EXISTS BEFORE IMPORTING THIS FILE.
Line 389 "SAME AS" TO EXTERNAL REFERENCE EXPORTED (deh-antonio-de-abreu) CHECK IF IT EXISTS BEFORE IMPORTING THIS FILE.
Line 880 "SAME AS" TO EXTERNAL REFERENCE EXPORTED (deh-alessandro-cicero) CHECK IF IT EXISTS BEFORE IMPORTING THIS FILE.
Line 1500 "SAME AS" TO EXTERNAL REFERENCE EXPORTED (deh-louis-porquet) CHECK IF IT EXISTS BEFORE IMPORTING THIS FILE.

Structure file: /kleio-home/structures/sources.str
Structure processing report: /kleio-home/structures/sources.srpt
Structure in JSON: /kleio-home/structures/sources.str.json

Kleio file: /kleio-home/sources/dehergne-b.cli
Original file: /kleio-home/sources/dehergne-b.org
Previous version: /kleio-home/sources/dehergne-b.old
1  errors. 
0  warnings.
Groups in this file:[pmae,mae,atr,rel,referido,irmao,pai,ls,n,lista,fonte,link,kleio]
Translation finished.
