KleioTranslator - server version 12.9 - build 588 2025-06-06 16:04:22
8-9-2025 3-22

Processing data file dehergne-n.cli
-------------------------------------------
Generic Act translation module with geoentities (XML).
     Joaquim Ramos de Carvalho (joaquim@uc.pt) 
** New document: kleio
=========================
kleio translation started
=========================
Structure: gacto2.str
Prefix: 
Autorel: 
Translation count: 78
Obs: 
** Processing source fonte$dehergne-n
15: lista$dehergne-notices-n
*** End of File

Line 255 "SAME AS" TO EXTERNAL REFERENCE EXPORTED (deh-antoine-thomas) CHECK IF IT EXISTS BEFORE IMPORTING THIS FILE.

Structure file: /kleio-home/sources/dehergne-repertoire/structures/sources.str
Structure processing report: /kleio-home/sources/dehergne-repertoire/structures/sources.srpt
Structure in JSON: /kleio-home/sources/dehergne-repertoire/structures/sources.str.json

Kleio file: /kleio-home/sources/dehergne-repertoire/sources/dehergne-n.cli
Original file: /kleio-home/sources/dehergne-repertoire/sources/dehergne-n.org
Previous version: /kleio-home/sources/dehergne-repertoire/sources/dehergne-n.old
Temp file with ids: /kleio-home/sources/dehergne-repertoire/sources/dehergne-n.ids
** - /kleio-home/sources/dehergne-repertoire/sources/dehergne-n.cli-renamed to- /kleio-home/sources/dehergne-repertoire/sources/dehergne-n.old
0  errors. 
0  warnings.
Groups in this file:[irmao,mad,rel,mae,pai,referido,ls,n,lista,fonte,link,kleio]
Translation finished.
