KleioTranslator - server version 12.9 - build 588 2025-06-06 16:04:22
8-9-2025 4-3

Processing data file dehergne-v.cli
-------------------------------------------
Generic Act translation module with geoentities (XML).
     Joaquim Ramos de Carvalho (joaquim@uc.pt) 
** New document: kleio
=========================
kleio translation started
=========================
Structure: gacto2.str
Prefix: 
Autorel: 
Translation count: 108
Obs: 
** Processing source fonte$dehergne-v
12: lista$dehergne-notices-v
*** End of File

Line 967 "SAME AS" TO EXTERNAL REFERENCE EXPORTED (deh-ferdinand-verbiest) CHECK IF IT EXISTS BEFORE IMPORTING THIS FILE.
Line 1144 "SAME AS" TO EXTERNAL REFERENCE EXPORTED (deh-philippe-couplet) CHECK IF IT EXISTS BEFORE IMPORTING THIS FILE.

Structure file: /kleio-home/sources/dehergne-repertoire/structures/sources.str
Structure processing report: /kleio-home/sources/dehergne-repertoire/structures/sources.srpt
Structure in JSON: /kleio-home/sources/dehergne-repertoire/structures/sources.str.json

Kleio file: /kleio-home/sources/dehergne-repertoire/sources/dehergne-v.cli
Original file: /kleio-home/sources/dehergne-repertoire/sources/dehergne-v.org
Previous version: /kleio-home/sources/dehergne-repertoire/sources/dehergne-v.old
Temp file with ids: /kleio-home/sources/dehergne-repertoire/sources/dehergne-v.ids
** - /kleio-home/sources/dehergne-repertoire/sources/dehergne-v.cli-renamed to- /kleio-home/sources/dehergne-repertoire/sources/dehergne-v.old
0  errors. 
0  warnings.
Groups in this file:[mae,rel,referido,pai,irmao,ls,n,lista,fonte,link,kleio]
Translation finished.
