KleioTranslator - server version 12.9 - build 588 2025-06-06 16:04:22
12-9-2025 7-1

Processing data file dehergne-r.cli
-------------------------------------------
Generic Act translation module with geoentities (XML).
     Joaquim Ramos de Carvalho (joaquim@uc.pt) 
** New document: kleio
=========================
kleio translation started
=========================
Structure: gacto2.str
Prefix: 
Autorel: 
Translation count: 198
Obs: 
** Processing source fonte$dehergne-r
32: lista$dehergne-notices-r
*** End of File

Line 354 "SAME AS" TO EXTERNAL REFERENCE EXPORTED (deh-manuel-de-siqueira-tcheng) CHECK IF IT EXISTS BEFORE IMPORTING THIS FILE.
Line 1791 "SAME AS" TO EXTERNAL REFERENCE EXPORTED (deh-gabriel-boussel) CHECK IF IT EXISTS BEFORE IMPORTING THIS FILE.

Structure file: /kleio-home/structures/sources.str
Structure processing report: /kleio-home/structures/sources.srpt
Structure in JSON: /kleio-home/structures/sources.str.json

Kleio file: /kleio-home/sources/dehergne-r.cli
Original file: /kleio-home/sources/dehergne-r.org
Previous version: /kleio-home/sources/dehergne-r.old
Temp file with ids: /kleio-home/sources/dehergne-r.ids
** - /kleio-home/sources/dehergne-r.cli-renamed to- /kleio-home/sources/dehergne-r.old
0  errors. 
0  warnings.
Groups in this file:[referida,rel,mae,mpai,ppai,pai,referido,ls,n,lista,fonte,link,kleio]
Translation finished.
