KleioTranslator - server version 12.9 - build 588 2025-06-06 16:04:22
8-9-2025 4-3

Processing data file dehergne-t.cli
-------------------------------------------
Generic Act translation module with geoentities (XML).
     Joaquim Ramos de Carvalho (joaquim@uc.pt) 
** New document: kleio
=========================
kleio translation started
=========================
Structure: gacto2.str
Prefix: 
Autorel: 
Translation count: 120
Obs: 
** Processing source fonte$dehergne-t
24: lista$dehergne-notices-t
*** End of File

Line 202 "SAME AS" TO EXTERNAL REFERENCE EXPORTED (deh-emmanuel-de-silva-tchang) CHECK IF IT EXISTS BEFORE IMPORTING THIS FILE.
Line 354 "SAME AS" TO EXTERNAL REFERENCE EXPORTED (deh-philippe-cazier) CHECK IF IT EXISTS BEFORE IMPORTING THIS FILE.
Line 538 "SAME AS" TO EXTERNAL REFERENCE EXPORTED (deh-ferdinand-verbiest) CHECK IF IT EXISTS BEFORE IMPORTING THIS FILE.
Line 820 "SAME AS" TO EXTERNAL REFERENCE EXPORTED (deh-francesco-folleri) CHECK IF IT EXISTS BEFORE IMPORTING THIS FILE.

Structure file: /kleio-home/sources/dehergne-repertoire/structures/sources.str
Structure processing report: /kleio-home/sources/dehergne-repertoire/structures/sources.srpt
Structure in JSON: /kleio-home/sources/dehergne-repertoire/structures/sources.str.json

Kleio file: /kleio-home/sources/dehergne-repertoire/sources/dehergne-t.cli
Original file: /kleio-home/sources/dehergne-repertoire/sources/dehergne-t.org
Previous version: /kleio-home/sources/dehergne-repertoire/sources/dehergne-t.old
Temp file with ids: /kleio-home/sources/dehergne-repertoire/sources/dehergne-t.ids
** - /kleio-home/sources/dehergne-repertoire/sources/dehergne-t.cli-renamed to- /kleio-home/sources/dehergne-repertoire/sources/dehergne-t.old
0  errors. 
0  warnings.
Groups in this file:[irmao,mae,pai,referido,rel,ls,n,lista,fonte,link,kleio]
Translation finished.
