KleioTranslator - server version 11.1 - build 534 (MHK: 2175/master) (2023-03-28 14:49:22, MHK: 19/05/2023 18:48 )
16-6-2023 10-28

Processing data file dehergne-c.cli
-------------------------------------------
Generic Act translation module with geoentities (XML).
     Joaquim Ramos de Carvalho (joaquim@uc.pt) 
** New document: kleio
=========================
kleio translation started
=========================
Structure: gacto2.str
Prefix: 
Autorel: 
Translation count: 191
Obs: 
** Processing source fonte$dehergne-c
6: lista$dehergne-notices-c
*** End of File

Line 1577 "SAME AS" TO EXTERNAL REFERENCE EXPORTED (deh-francisco-cabral) CHECK IF IT EXISTS BEFORE IMPORTING THIS FILE.

Structure file: /kleio-home/system/conf/kleio/stru/gacto2.str
Structure processing report: /kleio-home/system/conf/kleio/stru/gacto2.srpt
Structure in JSON: /kleio-home/system/conf/kleio/stru/gacto2.str.json

Kleio file: /kleio-home/sources/china-coimbra/sources/dehergne-repertoire/sources/dehergne-c.cli
Original file: /kleio-home/sources/china-coimbra/sources/dehergne-repertoire/sources/dehergne-c.org
Previous version: /kleio-home/sources/china-coimbra/sources/dehergne-repertoire/sources/dehergne-c.old
Temp file with ids: /kleio-home/sources/china-coimbra/sources/dehergne-repertoire/sources/dehergne-c.ids
** - /kleio-home/sources/china-coimbra/sources/dehergne-repertoire/sources/dehergne-c.cli-renamed to- /kleio-home/sources/china-coimbra/sources/dehergne-repertoire/sources/dehergne-c.old
0  errors. 
0  warnings.
Translation finished.
