KleioTranslator - server version 12.9 - build 588 2025-06-06 16:04:22
12-9-2025 8-48

Processing data file dehergne-l.cli
-------------------------------------------
Generic Act translation module with geoentities (XML).
     Joaquim Ramos de Carvalho (joaquim@uc.pt) 
** New document: kleio
=========================
kleio translation started
=========================
Structure: gacto2.str
Prefix: 
Autorel: 
Translation count: 190
Obs: 
** Processing source fonte$dehergne-l
13: lista$dehergne-notices-l
*** End of File

Line 400 "SAME AS" TO EXTERNAL REFERENCE EXPORTED (deh-gabriel-leonard-de-brossard) CHECK IF IT EXISTS BEFORE IMPORTING THIS FILE.
Line 1066 "SAME AS" TO EXTERNAL REFERENCE EXPORTED (deh-pierre-martial-cibot) CHECK IF IT EXISTS BEFORE IMPORTING THIS FILE.
Line 1578 "SAME AS" TO EXTERNAL REFERENCE EXPORTED (deh-manuel-mendes) CHECK IF IT EXISTS BEFORE IMPORTING THIS FILE.

Structure file: /kleio-home/structures/sources.str
Structure processing report: /kleio-home/structures/sources.srpt
Structure in JSON: /kleio-home/structures/sources.str.json

Kleio file: /kleio-home/sources/dehergne-l.cli
Original file: /kleio-home/sources/dehergne-l.org
Previous version: /kleio-home/sources/dehergne-l.old
Temp file with ids: /kleio-home/sources/dehergne-l.ids
** - /kleio-home/sources/dehergne-l.cli-renamed to- /kleio-home/sources/dehergne-l.old
0  errors. 
0  warnings.
Groups in this file:[irmao,referida,rel,referido,mae,pai,ls,n,lista,fonte,link,kleio]
Translation finished.
