KleioTranslator - server version 12.9 - build 588 2025-06-06 16:04:22
8-9-2025 3-30

Processing data file dehergne-g.cli
-------------------------------------------
Generic Act translation module with geoentities (XML).
     Joaquim Ramos de Carvalho (joaquim@uc.pt) 
** New document: kleio
=========================
kleio translation started
=========================
Structure: gacto2.str
Prefix: 
Autorel: 
Translation count: 180
Obs: 
** Processing source fonte$dehergne-g
19: lista$dehergne-notices-g
*** End of File

Line 693 "SAME AS" TO EXTERNAL REFERENCE EXPORTED (deh-matteo-ricci) CHECK IF IT EXISTS BEFORE IMPORTING THIS FILE.

Structure file: /kleio-home/sources/dehergne-repertoire/structures/sources.str
Structure processing report: /kleio-home/sources/dehergne-repertoire/structures/sources.srpt
Structure in JSON: /kleio-home/sources/dehergne-repertoire/structures/sources.str.json

Kleio file: /kleio-home/sources/dehergne-repertoire/sources/dehergne-g.cli
Original file: /kleio-home/sources/dehergne-repertoire/sources/dehergne-g.org
Previous version: /kleio-home/sources/dehergne-repertoire/sources/dehergne-g.old
Temp file with ids: /kleio-home/sources/dehergne-repertoire/sources/dehergne-g.ids
** - /kleio-home/sources/dehergne-repertoire/sources/dehergne-g.cli-renamed to- /kleio-home/sources/dehergne-repertoire/sources/dehergne-g.old
0  errors. 
0  warnings.
Groups in this file:[referida,atr,ppai,mae,pai,referido,rel,ls,n,lista,fonte,link,kleio]
Translation finished.
