KleioTranslator - server version 12.9 - build 588 2025-06-06 16:04:22
8-9-2025 4-3

Processing data file dehergne-p.cli
-------------------------------------------
Generic Act translation module with geoentities (XML).
     Joaquim Ramos de Carvalho (joaquim@uc.pt) 
** New document: kleio
=========================
kleio translation started
=========================
Structure: gacto2.str
Prefix: 
Autorel: 
Translation count: 200
Obs: 
** Processing source fonte$dehergne-p
21: lista$dehergne-notices-p
*** End of File

Line 748 "SAME AS" TO EXTERNAL REFERENCE EXPORTED (deh-matteo-ricci) CHECK IF IT EXISTS BEFORE IMPORTING THIS FILE.
Line 853 "SAME AS" TO EXTERNAL REFERENCE EXPORTED (deh-antoine-thomas) CHECK IF IT EXISTS BEFORE IMPORTING THIS FILE.
Line 862 "SAME AS" TO EXTERNAL REFERENCE EXPORTED (deh-ferdinand-verbiest) CHECK IF IT EXISTS BEFORE IMPORTING THIS FILE.
Line 932 "SAME AS" TO EXTERNAL REFERENCE EXPORTED (deh-manuel-teixeira) CHECK IF IT EXISTS BEFORE IMPORTING THIS FILE.
Line 950 "SAME AS" TO EXTERNAL REFERENCE EXPORTED (deh-goncalo-alvares) CHECK IF IT EXISTS BEFORE IMPORTING THIS FILE.
Line 1305 "SAME AS" TO EXTERNAL REFERENCE EXPORTED (deh-francisco-perez) CHECK IF IT EXISTS BEFORE IMPORTING THIS FILE.
Line 1311 "SAME AS" TO EXTERNAL REFERENCE EXPORTED (deh-manuel-teixeira) CHECK IF IT EXISTS BEFORE IMPORTING THIS FILE.
Line 1710 "SAME AS" TO EXTERNAL REFERENCE EXPORTED (deh-louis-brouet) CHECK IF IT EXISTS BEFORE IMPORTING THIS FILE.

Structure file: /kleio-home/sources/dehergne-repertoire/structures/sources.str
Structure processing report: /kleio-home/sources/dehergne-repertoire/structures/sources.srpt
Structure in JSON: /kleio-home/sources/dehergne-repertoire/structures/sources.str.json

Kleio file: /kleio-home/sources/dehergne-repertoire/sources/dehergne-p.cli
Original file: /kleio-home/sources/dehergne-repertoire/sources/dehergne-p.org
Previous version: /kleio-home/sources/dehergne-repertoire/sources/dehergne-p.old
Temp file with ids: /kleio-home/sources/dehergne-repertoire/sources/dehergne-p.ids
** - /kleio-home/sources/dehergne-repertoire/sources/dehergne-p.cli-renamed to- /kleio-home/sources/dehergne-repertoire/sources/dehergne-p.old
0  errors. 
0  warnings.
Groups in this file:[atr,pmae,mae,ppai,pai,rel,referido,ls,n,lista,fonte,link,kleio]
Translation finished.
